Archive member included to satisfy reference by file (symbol)

c:/program files (x86)/embitz/1.11/share/em_armgcc/bin/../lib/gcc/arm-none-eabi/5.4.1/../../../../arm-none-eabi/lib/armv7e-m/fpu\libg_n.a(lib_a-exit.o)
                              c:/program files (x86)/embitz/1.11/share/em_armgcc/bin/../lib/gcc/arm-none-eabi/5.4.1/../../../../arm-none-eabi/lib/armv7e-m/fpu/crt0.o (exit)
c:/program files (x86)/embitz/1.11/share/em_armgcc/bin/../lib/gcc/arm-none-eabi/5.4.1/../../../../arm-none-eabi/lib/armv7e-m/fpu\libg_n.a(lib_a-impure.o)
                              c:/program files (x86)/embitz/1.11/share/em_armgcc/bin/../lib/gcc/arm-none-eabi/5.4.1/../../../../arm-none-eabi/lib/armv7e-m/fpu\libg_n.a(lib_a-exit.o) (_global_impure_ptr)
c:/program files (x86)/embitz/1.11/share/em_armgcc/bin/../lib/gcc/arm-none-eabi/5.4.1/../../../../arm-none-eabi/lib/armv7e-m/fpu\libg_n.a(lib_a-init.o)
                              c:/program files (x86)/embitz/1.11/share/em_armgcc/bin/../lib/gcc/arm-none-eabi/5.4.1/../../../../arm-none-eabi/lib/armv7e-m/fpu/crt0.o (__libc_init_array)
c:/program files (x86)/embitz/1.11/share/em_armgcc/bin/../lib/gcc/arm-none-eabi/5.4.1/../../../../arm-none-eabi/lib/armv7e-m/fpu\libg_n.a(lib_a-memset.o)
                              c:/program files (x86)/embitz/1.11/share/em_armgcc/bin/../lib/gcc/arm-none-eabi/5.4.1/../../../../arm-none-eabi/lib/armv7e-m/fpu/crt0.o (memset)
c:/program files (x86)/embitz/1.11/share/em_armgcc/bin/../lib/gcc/arm-none-eabi/5.4.1/../../../../arm-none-eabi/lib/armv7e-m/fpu\libnosys_s.a(_exit.o)
                              c:/program files (x86)/embitz/1.11/share/em_armgcc/bin/../lib/gcc/arm-none-eabi/5.4.1/../../../../arm-none-eabi/lib/armv7e-m/fpu\libg_n.a(lib_a-exit.o) (_exit)

Allocating common symbols
Common symbol       size              file

TIM_TimeBaseStructure
                    0xc               obj\debug\src\main.o
debug               0x4               obj\debug\src\main.o
GPIO_InitStructure  0x8               obj\debug\src\main.o
NVIC_InitStructure  0x4               obj\debug\src\main.o

Discarded input sections

 .text          0x00000000        0x0 c:/program files (x86)/embitz/1.11/share/em_armgcc/bin/../lib/gcc/arm-none-eabi/5.4.1/armv7e-m/fpu/crti.o
 .data          0x00000000        0x0 c:/program files (x86)/embitz/1.11/share/em_armgcc/bin/../lib/gcc/arm-none-eabi/5.4.1/armv7e-m/fpu/crti.o
 .bss           0x00000000        0x0 c:/program files (x86)/embitz/1.11/share/em_armgcc/bin/../lib/gcc/arm-none-eabi/5.4.1/armv7e-m/fpu/crti.o
 .data          0x00000000        0x4 c:/program files (x86)/embitz/1.11/share/em_armgcc/bin/../lib/gcc/arm-none-eabi/5.4.1/armv7e-m/fpu/crtbegin.o
 .data          0x00000000        0x0 c:/program files (x86)/embitz/1.11/share/em_armgcc/bin/../lib/gcc/arm-none-eabi/5.4.1/../../../../arm-none-eabi/lib/armv7e-m/fpu/crt0.o
 .bss           0x00000000        0x0 c:/program files (x86)/embitz/1.11/share/em_armgcc/bin/../lib/gcc/arm-none-eabi/5.4.1/../../../../arm-none-eabi/lib/armv7e-m/fpu/crt0.o
 .ARM.extab     0x00000000        0x0 c:/program files (x86)/embitz/1.11/share/em_armgcc/bin/../lib/gcc/arm-none-eabi/5.4.1/../../../../arm-none-eabi/lib/armv7e-m/fpu/crt0.o
 .group         0x00000000        0x8 obj\debug\spl\src\misc.o
 .group         0x00000000        0x8 obj\debug\spl\src\misc.o
 .group         0x00000000        0x8 obj\debug\spl\src\misc.o
 .group         0x00000000        0x8 obj\debug\spl\src\misc.o
 .group         0x00000000        0x8 obj\debug\spl\src\misc.o
 .group         0x00000000        0x8 obj\debug\spl\src\misc.o
 .group         0x00000000        0x8 obj\debug\spl\src\misc.o
 .group         0x00000000        0x8 obj\debug\spl\src\misc.o
 .group         0x00000000        0x8 obj\debug\spl\src\misc.o
 .group         0x00000000        0x8 obj\debug\spl\src\misc.o
 .group         0x00000000        0x8 obj\debug\spl\src\misc.o
 .group         0x00000000        0x8 obj\debug\spl\src\misc.o
 .group         0x00000000        0x8 obj\debug\spl\src\misc.o
 .group         0x00000000        0x8 obj\debug\spl\src\misc.o
 .group         0x00000000        0x8 obj\debug\spl\src\misc.o
 .group         0x00000000        0x8 obj\debug\spl\src\misc.o
 .group         0x00000000        0x8 obj\debug\spl\src\misc.o
 .group         0x00000000        0x8 obj\debug\spl\src\misc.o
 .group         0x00000000        0x8 obj\debug\spl\src\misc.o
 .group         0x00000000        0x8 obj\debug\spl\src\misc.o
 .group         0x00000000        0x8 obj\debug\spl\src\misc.o
 .group         0x00000000        0x8 obj\debug\spl\src\misc.o
 .group         0x00000000        0x8 obj\debug\spl\src\misc.o
 .group         0x00000000        0x8 obj\debug\spl\src\misc.o
 .group         0x00000000        0x8 obj\debug\spl\src\misc.o
 .group         0x00000000        0x8 obj\debug\spl\src\misc.o
 .group         0x00000000        0x8 obj\debug\spl\src\misc.o
 .group         0x00000000        0x8 obj\debug\spl\src\misc.o
[...]
Memory Configuration

Name             Origin             Length             Attributes
ROM              0x08000000         0x00100000         xr
RAM              0x20000000         0x00020000         xrw
CCRAM            0x10000000         0x00010000         xrw
*default*        0x00000000         0xffffffff

Linker script and memory map

LOAD c:/program files (x86)/embitz/1.11/share/em_armgcc/bin/../lib/gcc/arm-none-eabi/5.4.1/armv7e-m/fpu/crti.o
LOAD c:/program files (x86)/embitz/1.11/share/em_armgcc/bin/../lib/gcc/arm-none-eabi/5.4.1/armv7e-m/fpu/crtbegin.o
LOAD c:/program files (x86)/embitz/1.11/share/em_armgcc/bin/../lib/gcc/arm-none-eabi/5.4.1/../../../../arm-none-eabi/lib/armv7e-m/fpu/crt0.o
                0x00000000                __HEAP_SIZE = 0x0
                0x00000100                __STACK_SIZE = 0x100

.text           0x08000000      0xae8
 *(.isr_vector)
 .isr_vector    0x08000000      0x188 obj\debug\src\startup_stm32f4xx.o
                0x08000000                __isr_vector
 *(.text*)
 .text          0x08000188       0x5c c:/program files (x86)/embitz/1.11/share/em_armgcc/bin/../lib/gcc/arm-none-eabi/5.4.1/armv7e-m/fpu/crtbegin.o
 .text          0x080001e4       0x74 c:/program files (x86)/embitz/1.11/share/em_armgcc/bin/../lib/gcc/arm-none-eabi/5.4.1/../../../../arm-none-eabi/lib/armv7e-m/fpu/crt0.o
                0x080001e4                _start
                0x080001e4                _mainCRTStartup
 .text.NVIC_Init
                0x08000258       0xc4 obj\debug\spl\src\misc.o
                0x08000258                NVIC_Init
 .text.GPIO_Init
                0x0800031c      0x11c obj\debug\spl\src\stm32f4xx_gpio.o
                0x0800031c                GPIO_Init
 .text.GPIO_ToggleBits
                0x08000438       0x24 obj\debug\spl\src\stm32f4xx_gpio.o
                0x08000438                GPIO_ToggleBits
 .text.RCC_AHB1PeriphClockCmd
                0x0800045c       0x40 obj\debug\spl\src\stm32f4xx_rcc.o
                0x0800045c                RCC_AHB1PeriphClockCmd
 .text.RCC_APB1PeriphClockCmd
                0x0800049c       0x40 obj\debug\spl\src\stm32f4xx_rcc.o
                0x0800049c                RCC_APB1PeriphClockCmd
 .text.TIM_TimeBaseInit
                0x080004dc       0xd8 obj\debug\spl\src\stm32f4xx_tim.o
                0x080004dc                TIM_TimeBaseInit
 .text.TIM_GetCounter
                0x080005b4       0x18 obj\debug\spl\src\stm32f4xx_tim.o
                0x080005b4                TIM_GetCounter
 .text.TIM_Cmd  0x080005cc       0x40 obj\debug\spl\src\stm32f4xx_tim.o
                0x080005cc                TIM_Cmd
 .text.TIM_ITConfig
                0x0800060c       0x48 obj\debug\spl\src\stm32f4xx_tim.o
                0x0800060c                TIM_ITConfig
 .text.main     0x08000654       0x50 obj\debug\src\main.o
                0x08000654                main
 .text.GPIO_Configuration
                0x080006a4       0x40 obj\debug\src\main.o
                0x080006a4                GPIO_Configuration
 .text.TIMbase_Configuration
                0x080006e4       0x88 obj\debug\src\main.o
                0x080006e4                TIMbase_Configuration
 .text.TIM2_Configuration
                0x0800076c       0x44 obj\debug\src\main.o
                0x0800076c                TIM2_Configuration
 .text.Delay    0x080007b0       0x20 obj\debug\src\main.o
                0x080007b0                Delay
 .text          0x080007d0      0x108 obj\debug\src\startup_stm32f4xx.o
                0x080007d0                Reset_Handler
                0x08000816                NMI_Handler
                0x08000818                HardFault_Handler
                0x0800081a                MemManage_Handler
                0x0800081c                BusFault_Handler
                0x0800081e                UsageFault_Handler
                0x08000820                SVC_Handler
                0x08000822                DebugMon_Handler
                0x08000824                PendSV_Handler
                0x08000826                SysTick_Handler
                0x08000828                Default_Handler
                0x0800082a                WWDG_IRQHandler
                0x0800082c                PVD_IRQHandler
                0x0800082e                TAMP_STAMP_IRQHandler
                0x08000830                RTC_WKUP_IRQHandler
                0x08000832                FLASH_IRQHandler
                0x08000834                RCC_IRQHandler
                0x08000836                EXTI0_IRQHandler
                0x08000838                EXTI1_IRQHandler
                0x0800083a                EXTI2_IRQHandler
                0x0800083c                EXTI3_IRQHandler
                0x0800083e                EXTI4_IRQHandler
                0x08000840                DMA1_Stream0_IRQHandler
                0x08000842                DMA1_Stream1_IRQHandler
                0x08000844                DMA1_Stream2_IRQHandler
                0x08000846                DMA1_Stream3_IRQHandler
                0x08000848                DMA1_Stream4_IRQHandler
                0x0800084a                DMA1_Stream5_IRQHandler
                0x0800084c                DMA1_Stream6_IRQHandler
                0x0800084e                ADC_IRQHandler
                0x08000850                CAN1_TX_IRQHandler
                0x08000852                CAN1_RX0_IRQHandler
                0x08000854                CAN1_RX1_IRQHandler
                0x08000856                CAN1_SCE_IRQHandler
                0x08000858                EXTI9_5_IRQHandler
                0x0800085a                TIM1_BRK_TIM9_IRQHandler
                0x0800085c                TIM1_UP_TIM10_IRQHandler
                0x0800085e                TIM1_TRG_COM_TIM11_IRQHandler
                0x08000860                TIM1_CC_IRQHandler
                0x08000862                TIM2_IRQHandler
                0x08000864                TIM3_IRQHandler
                0x08000866                TIM4_IRQHandler
                0x08000868                I2C1_EV_IRQHandler
                0x0800086a                I2C1_ER_IRQHandler
                0x0800086c                I2C2_EV_IRQHandler
                0x0800086e                I2C2_ER_IRQHandler
                0x08000870                SPI1_IRQHandler
                0x08000872                SPI2_IRQHandler
                0x08000874                USART1_IRQHandler
                0x08000876                USART2_IRQHandler
                0x08000878                USART3_IRQHandler
                0x0800087a                EXTI15_10_IRQHandler
                0x0800087c                RTC_Alarm_IRQHandler
                0x0800087e                OTG_FS_WKUP_IRQHandler
                0x08000880                TIM8_BRK_TIM12_IRQHandler
                0x08000882                TIM8_UP_TIM13_IRQHandler
                0x08000884                TIM8_TRG_COM_TIM14_IRQHandler
                0x08000886                TIM8_CC_IRQHandler
                0x08000888                DMA1_Stream7_IRQHandler
                0x0800088a                FSMC_IRQHandler
                0x0800088c                SDIO_IRQHandler
                0x0800088e                TIM5_IRQHandler
                0x08000890                SPI3_IRQHandler
                0x08000892                UART4_IRQHandler
                0x08000894                UART5_IRQHandler
                0x08000896                TIM6_DAC_IRQHandler
                0x08000898                TIM7_IRQHandler
                0x0800089a                DMA2_Stream0_IRQHandler
                0x0800089c                DMA2_Stream1_IRQHandler
                0x0800089e                DMA2_Stream2_IRQHandler
                0x080008a0                DMA2_Stream3_IRQHandler
                0x080008a2                DMA2_Stream4_IRQHandler
                0x080008a4                ETH_IRQHandler
                0x080008a6                ETH_WKUP_IRQHandler
                0x080008a8                CAN2_TX_IRQHandler
                0x080008aa                CAN2_RX0_IRQHandler
                0x080008ac                CAN2_RX1_IRQHandler
                0x080008ae                CAN2_SCE_IRQHandler
                0x080008b0                OTG_FS_IRQHandler
                0x080008b2                DMA2_Stream5_IRQHandler
                0x080008b4                DMA2_Stream6_IRQHandler
                0x080008b6                DMA2_Stream7_IRQHandler
                0x080008b8                USART6_IRQHandler
                0x080008ba                I2C3_EV_IRQHandler
                0x080008bc                I2C3_ER_IRQHandler
                0x080008be                OTG_HS_EP1_OUT_IRQHandler
                0x080008c0                OTG_HS_EP1_IN_IRQHandler
                0x080008c2                OTG_HS_WKUP_IRQHandler
                0x080008c4                OTG_HS_IRQHandler
                0x080008c6                DCMI_IRQHandler
                0x080008c8                CRYP_IRQHandler
                0x080008ca                HASH_RNG_IRQHandler
                0x080008cc                FPU_IRQHandler
 .text.SystemInit
                0x080008d8       0x6c obj\debug\src\system_stm32f4xx.o
                0x080008d8                SystemInit
 .text.SetSysClock
                0x08000944       0xf8 obj\debug\src\system_stm32f4xx.o
 .text.exit     0x08000a3c       0x28 c:/program files (x86)/embitz/1.11/share/em_armgcc/bin/../lib/gcc/arm-none-eabi/5.4.1/../../../../arm-none-eabi/lib/armv7e-m/fpu\libg_n.a(lib_a-exit.o)
                0x08000a3c                exit
 .text.__libc_init_array
                0x08000a64       0x4c c:/program files (x86)/embitz/1.11/share/em_armgcc/bin/../lib/gcc/arm-none-eabi/5.4.1/../../../../arm-none-eabi/lib/armv7e-m/fpu\libg_n.a(lib_a-init.o)
                0x08000a64                __libc_init_array
 .text.memset   0x08000ab0       0x10 c:/program files (x86)/embitz/1.11/share/em_armgcc/bin/../lib/gcc/arm-none-eabi/5.4.1/../../../../arm-none-eabi/lib/armv7e-m/fpu\libg_n.a(lib_a-memset.o)
                0x08000ab0                memset
 .text._exit    0x08000ac0        0x2 c:/program files (x86)/embitz/1.11/share/em_armgcc/bin/../lib/gcc/arm-none-eabi/5.4.1/../../../../arm-none-eabi/lib/armv7e-m/fpu\libnosys_s.a(_exit.o)
                0x08000ac0                _exit
 *(.init)
 *fill*         0x08000ac2        0x2 
 .init          0x08000ac4        0x4 c:/program files (x86)/embitz/1.11/share/em_armgcc/bin/../lib/gcc/arm-none-eabi/5.4.1/armv7e-m/fpu/crti.o
                0x08000ac4                _init
 .init          0x08000ac8        0x8 c:/program files (x86)/embitz/1.11/share/em_armgcc/bin/../lib/gcc/arm-none-eabi/5.4.1/armv7e-m/fpu/crtn.o
 *(.fini)
 .fini          0x08000ad0        0x4 c:/program files (x86)/embitz/1.11/share/em_armgcc/bin/../lib/gcc/arm-none-eabi/5.4.1/armv7e-m/fpu/crti.o
                0x08000ad0                _fini
 .fini          0x08000ad4        0x8 c:/program files (x86)/embitz/1.11/share/em_armgcc/bin/../lib/gcc/arm-none-eabi/5.4.1/armv7e-m/fpu/crtn.o
 *crtbegin.o(.ctors)
 *crtbegin?.o(.ctors)
 *(EXCLUDE_FILE(*crtend.o *crtend?.o) .ctors)
 *(SORT(.ctors.*))
 *(.ctors)
 *crtbegin.o(.dtors)
 *crtbegin?.o(.dtors)
 *(EXCLUDE_FILE(*crtend.o *crtend?.o) .dtors)
 *(SORT(.dtors.*))
 *(.dtors)
 *(.rodata*)
 .rodata.str1.1
                0x08000adc        0x2 c:/program files (x86)/embitz/1.11/share/em_armgcc/bin/../lib/gcc/arm-none-eabi/5.4.1/../../../../arm-none-eabi/lib/armv7e-m/fpu\libg_n.a(lib_a-impure.o)
 *fill*         0x08000ade        0x2 
 .rodata._global_impure_ptr
                0x08000ae0        0x4 c:/program files (x86)/embitz/1.11/share/em_armgcc/bin/../lib/gcc/arm-none-eabi/5.4.1/../../../../arm-none-eabi/lib/armv7e-m/fpu\libg_n.a(lib_a-impure.o)
                0x08000ae0                _global_impure_ptr
 *(.eh_frame*)
 .eh_frame      0x08000ae4        0x0 c:/program files (x86)/embitz/1.11/share/em_armgcc/bin/../lib/gcc/arm-none-eabi/5.4.1/armv7e-m/fpu/crtbegin.o
 .eh_frame      0x08000ae4        0x4 c:/program files (x86)/embitz/1.11/share/em_armgcc/bin/../lib/gcc/arm-none-eabi/5.4.1/armv7e-m/fpu/crtend.o

.glue_7         0x08000ae8        0x0
 .glue_7        0x08000ae8        0x0 linker stubs

.glue_7t        0x08000ae8        0x0
 .glue_7t       0x08000ae8        0x0 linker stubs

.vfp11_veneer   0x08000ae8        0x0
 .vfp11_veneer  0x08000ae8        0x0 linker stubs

.v4_bx          0x08000ae8        0x0
 .v4_bx         0x08000ae8        0x0 linker stubs

.iplt           0x08000ae8        0x0
 .iplt          0x08000ae8        0x0 c:/program files (x86)/embitz/1.11/share/em_armgcc/bin/../lib/gcc/arm-none-eabi/5.4.1/armv7e-m/fpu/crtbegin.o

.ARM.extab
 *(.ARM.extab* .gnu.linkonce.armextab.*)
                0x08000ae8                __exidx_start = .

.ARM.exidx      0x08000ae8        0x8
 *(.ARM.exidx* .gnu.linkonce.armexidx.*)
 .ARM.exidx     0x08000ae8        0x8 c:/program files (x86)/embitz/1.11/share/em_armgcc/bin/../lib/gcc/arm-none-eabi/5.4.1/../../../../arm-none-eabi/lib/armv7e-m/fpu/crt0.o
                0x08000af0                __exidx_end = .
                0x08000af0                __etext = .

.rel.dyn        0x08000af0        0x0
 .rel.iplt      0x08000af0        0x0 c:/program files (x86)/embitz/1.11/share/em_armgcc/bin/../lib/gcc/arm-none-eabi/5.4.1/armv7e-m/fpu/crtbegin.o

.data           0x20000000       0x6c load address 0x08000af0
                0x20000000                __data_start__ = .
 *(vtable)
 *(.data*)
 .data.SystemCoreClock
                0x20000000        0x4 obj\debug\src\system_stm32f4xx.o
                0x20000000                SystemCoreClock
 .data.impure_data
                0x20000004       0x60 c:/program files (x86)/embitz/1.11/share/em_armgcc/bin/../lib/gcc/arm-none-eabi/5.4.1/../../../../arm-none-eabi/lib/armv7e-m/fpu\libg_n.a(lib_a-impure.o)
                0x20000064                . = ALIGN (0x4)
                0x20000064                PROVIDE (__preinit_array_start, .)
 *(.preinit_array)
                0x20000064                PROVIDE (__preinit_array_end, .)
                0x20000064                . = ALIGN (0x4)
                0x20000064                PROVIDE (__init_array_start, .)
 *(SORT(.init_array.*))
 *(.init_array)
 .init_array    0x20000064        0x4 c:/program files (x86)/embitz/1.11/share/em_armgcc/bin/../lib/gcc/arm-none-eabi/5.4.1/armv7e-m/fpu/crtbegin.o
                0x20000068                PROVIDE (__init_array_end, .)
                0x20000068                . = ALIGN (0x4)
                [!provide]                PROVIDE (__fini_array_start, .)
 *(SORT(.fini_array.*))
 *(.fini_array)
 .fini_array    0x20000068        0x4 c:/program files (x86)/embitz/1.11/share/em_armgcc/bin/../lib/gcc/arm-none-eabi/5.4.1/armv7e-m/fpu/crtbegin.o
                [!provide]                PROVIDE (__fini_array_end, .)
                0x2000006c                . = ALIGN (0x4)
                0x2000006c                __data_end__ = .

.jcr            0x2000006c        0x0 load address 0x08000b5c
 .jcr           0x2000006c        0x0 c:/program files (x86)/embitz/1.11/share/em_armgcc/bin/../lib/gcc/arm-none-eabi/5.4.1/armv7e-m/fpu/crtbegin.o

.igot.plt       0x2000006c        0x0 load address 0x08000b5c
 .igot.plt      0x2000006c        0x0 c:/program files (x86)/embitz/1.11/share/em_armgcc/bin/../lib/gcc/arm-none-eabi/5.4.1/armv7e-m/fpu/crtbegin.o

.bss            0x2000006c       0x38 load address 0x08000b5c
                0x2000006c                __bss_start__ = .
 *(.bss*)
 .bss           0x2000006c       0x1c c:/program files (x86)/embitz/1.11/share/em_armgcc/bin/../lib/gcc/arm-none-eabi/5.4.1/armv7e-m/fpu/crtbegin.o
 *(COMMON)
 COMMON         0x20000088       0x1c obj\debug\src\main.o
                0x20000088                TIM_TimeBaseStructure
                0x20000094                debug
                0x20000098                GPIO_InitStructure
                0x200000a0                NVIC_InitStructure
                0x200000a4                __bss_end__ = .

.heap           0x200000a8        0x0
                0x200000a8                __end__ = .
                0x200000a8                end = __end__
 *(.heap*)
 .heap          0x200000a8        0x0 obj\debug\src\startup_stm32f4xx.o
                0x200000a8                __HeapLimit = .

.stack_dummy    0x200000a8      0x100
 *(.stack)
 .stack         0x200000a8      0x100 obj\debug\src\startup_stm32f4xx.o
                0x20020000                __StackTop = (ORIGIN (RAM) + LENGTH (RAM))
                0x2001ff00                __StackLimit = (__StackTop - SIZEOF (.stack_dummy))
                0x20020000                PROVIDE (__stack, __StackTop)
                0x00000001                ASSERT ((__StackLimit >= __HeapLimit), region RAM overflowed with stack)
LOAD obj\debug\spl\src\misc.o
LOAD obj\debug\spl\src\stm32f4xx_adc.o
LOAD obj\debug\spl\src\stm32f4xx_can.o
LOAD obj\debug\spl\src\stm32f4xx_crc.o
LOAD obj\debug\spl\src\stm32f4xx_cryp.o
LOAD obj\debug\spl\src\stm32f4xx_cryp_aes.o
LOAD obj\debug\spl\src\stm32f4xx_cryp_des.o
LOAD obj\debug\spl\src\stm32f4xx_cryp_tdes.o
LOAD obj\debug\spl\src\stm32f4xx_dac.o
LOAD obj\debug\spl\src\stm32f4xx_dbgmcu.o
LOAD obj\debug\spl\src\stm32f4xx_dcmi.o
LOAD obj\debug\spl\src\stm32f4xx_dma.o
LOAD obj\debug\spl\src\stm32f4xx_exti.o
LOAD obj\debug\spl\src\stm32f4xx_flash.o
LOAD obj\debug\spl\src\stm32f4xx_fsmc.o
LOAD obj\debug\spl\src\stm32f4xx_gpio.o
LOAD obj\debug\spl\src\stm32f4xx_hash.o
LOAD obj\debug\spl\src\stm32f4xx_hash_md5.o
LOAD obj\debug\spl\src\stm32f4xx_hash_sha1.o
LOAD obj\debug\spl\src\stm32f4xx_i2c.o
LOAD obj\debug\spl\src\stm32f4xx_iwdg.o
LOAD obj\debug\spl\src\stm32f4xx_pwr.o
LOAD obj\debug\spl\src\stm32f4xx_rcc.o
LOAD obj\debug\spl\src\stm32f4xx_rng.o
LOAD obj\debug\spl\src\stm32f4xx_rtc.o
LOAD obj\debug\spl\src\stm32f4xx_sdio.o
LOAD obj\debug\spl\src\stm32f4xx_spi.o
LOAD obj\debug\spl\src\stm32f4xx_syscfg.o
LOAD obj\debug\spl\src\stm32f4xx_tim.o
LOAD obj\debug\spl\src\stm32f4xx_usart.o
LOAD obj\debug\spl\src\stm32f4xx_wwdg.o
LOAD obj\debug\src\main.o
LOAD obj\debug\src\startup_stm32f4xx.o
LOAD obj\debug\src\system_stm32f4xx.o
START GROUP
LOAD c:/program files (x86)/embitz/1.11/share/em_armgcc/bin/../lib/gcc/arm-none-eabi/5.4.1/armv7e-m/fpu\libgcc.a
LOAD c:/program files (x86)/embitz/1.11/share/em_armgcc/bin/../lib/gcc/arm-none-eabi/5.4.1/../../../../arm-none-eabi/lib/armv7e-m/fpu\libg_n.a
LOAD c:/program files (x86)/embitz/1.11/share/em_armgcc/bin/../lib/gcc/arm-none-eabi/5.4.1/../../../../arm-none-eabi/lib/armv7e-m/fpu\libc_n.a
END GROUP
START GROUP
LOAD c:/program files (x86)/embitz/1.11/share/em_armgcc/bin/../lib/gcc/arm-none-eabi/5.4.1/armv7e-m/fpu\libgcc.a
LOAD c:/program files (x86)/embitz/1.11/share/em_armgcc/bin/../lib/gcc/arm-none-eabi/5.4.1/../../../../arm-none-eabi/lib/armv7e-m/fpu\libc_n.a
LOAD c:/program files (x86)/embitz/1.11/share/em_armgcc/bin/../lib/gcc/arm-none-eabi/5.4.1/../../../../arm-none-eabi/lib/armv7e-m/fpu\libnosys_s.a
END GROUP
LOAD c:/program files (x86)/embitz/1.11/share/em_armgcc/bin/../lib/gcc/arm-none-eabi/5.4.1/armv7e-m/fpu/crtend.o
LOAD c:/program files (x86)/embitz/1.11/share/em_armgcc/bin/../lib/gcc/arm-none-eabi/5.4.1/armv7e-m/fpu/crtn.o
OUTPUT(bin\Debug\f407timer.elf elf32-littlearm)

.ARM.attributes
                0x00000000       0x30
 .ARM.attributes
                0x00000000       0x22 c:/program files (x86)/embitz/1.11/share/em_armgcc/bin/../lib/gcc/arm-none-eabi/5.4.1/armv7e-m/fpu/crti.o
 .ARM.attributes
                0x00000022       0x34 c:/program files (x86)/embitz/1.11/share/em_armgcc/bin/../lib/gcc/arm-none-eabi/5.4.1/armv7e-m/fpu/crtbegin.o
 .ARM.attributes
                0x00000056       0x20 c:/program files (x86)/embitz/1.11/share/em_armgcc/bin/../lib/gcc/arm-none-eabi/5.4.1/../../../../arm-none-eabi/lib/armv7e-m/fpu/crt0.o
 .ARM.attributes
                0x00000076       0x39 obj\debug\spl\src\misc.o
 .ARM.attributes
                0x000000af       0x39 obj\debug\spl\src\stm32f4xx_gpio.o
 .ARM.attributes
                0x000000e8       0x39 obj\debug\spl\src\stm32f4xx_rcc.o
 .ARM.attributes
                0x00000121       0x39 obj\debug\spl\src\stm32f4xx_tim.o
 .ARM.attributes
                0x0000015a       0x39 obj\debug\src\main.o
 .ARM.attributes
                0x00000193       0x1f obj\debug\src\startup_stm32f4xx.o
 .ARM.attributes
                0x000001b2       0x39 obj\debug\src\system_stm32f4xx.o
 .ARM.attributes
                0x000001eb       0x34 c:/program files (x86)/embitz/1.11/share/em_armgcc/bin/../lib/gcc/arm-none-eabi/5.4.1/../../../../arm-none-eabi/lib/armv7e-m/fpu\libg_n.a(lib_a-exit.o)
 .ARM.attributes
                0x0000021f       0x34 c:/program files (x86)/embitz/1.11/share/em_armgcc/bin/../lib/gcc/arm-none-eabi/5.4.1/../../../../arm-none-eabi/lib/armv7e-m/fpu\libg_n.a(lib_a-impure.o)
 .ARM.attributes
                0x00000253       0x34 c:/program files (x86)/embitz/1.11/share/em_armgcc/bin/../lib/gcc/arm-none-eabi/5.4.1/../../../../arm-none-eabi/lib/armv7e-m/fpu\libg_n.a(lib_a-init.o)
 .ARM.attributes
                0x00000287       0x34 c:/program files (x86)/embitz/1.11/share/em_armgcc/bin/../lib/gcc/arm-none-eabi/5.4.1/../../../../arm-none-eabi/lib/armv7e-m/fpu\libg_n.a(lib_a-memset.o)
 .ARM.attributes
                0x000002bb       0x34 c:/program files (x86)/embitz/1.11/share/em_armgcc/bin/../lib/gcc/arm-none-eabi/5.4.1/../../../../arm-none-eabi/lib/armv7e-m/fpu\libnosys_s.a(_exit.o)
 .ARM.attributes
                0x000002ef       0x34 c:/program files (x86)/embitz/1.11/share/em_armgcc/bin/../lib/gcc/arm-none-eabi/5.4.1/armv7e-m/fpu/crtend.o
 .ARM.attributes
                0x00000323       0x22 c:/program files (x86)/embitz/1.11/share/em_armgcc/bin/../lib/gcc/arm-none-eabi/5.4.1/armv7e-m/fpu/crtn.o

.comment        0x00000000       0x6e
 .comment       0x00000000       0x6e obj\debug\spl\src\misc.o
                                 0x6f (size before relaxing)
 .comment       0x0000006e       0x6f obj\debug\spl\src\stm32f4xx_gpio.o
 .comment       0x0000006e       0x6f obj\debug\spl\src\stm32f4xx_rcc.o
 .comment       0x0000006e       0x6f obj\debug\spl\src\stm32f4xx_tim.o
 .comment       0x0000006e       0x6f obj\debug\src\main.o
 .comment       0x0000006e       0x6f obj\debug\src\system_stm32f4xx.o

.debug_info     0x00000000     0x42bc
 .debug_info    0x00000000      0x55e obj\debug\spl\src\misc.o
 .debug_info    0x0000055e      0x622 obj\debug\spl\src\stm32f4xx_gpio.o
 .debug_info    0x00000b80      0xc6b obj\debug\spl\src\stm32f4xx_rcc.o
 .debug_info    0x000017eb     0x1c71 obj\debug\spl\src\stm32f4xx_tim.o
 .debug_info    0x0000345c      0x840 obj\debug\src\main.o
 .debug_info    0x00003c9c       0x53 obj\debug\src\startup_stm32f4xx.o
 .debug_info    0x00003cef      0x5cd obj\debug\src\system_stm32f4xx.o

.debug_abbrev   0x00000000      0x948
 .debug_abbrev  0x00000000      0x14c obj\debug\spl\src\misc.o
 .debug_abbrev  0x0000014c      0x1ac obj\debug\spl\src\stm32f4xx_gpio.o
 .debug_abbrev  0x000002f8      0x1ea obj\debug\spl\src\stm32f4xx_rcc.o
 .debug_abbrev  0x000004e2      0x18e obj\debug\spl\src\stm32f4xx_tim.o
 .debug_abbrev  0x00000670      0x187 obj\debug\src\main.o
 .debug_abbrev  0x000007f7       0x14 obj\debug\src\startup_stm32f4xx.o
 .debug_abbrev  0x0000080b      0x13d obj\debug\src\system_stm32f4xx.o

.debug_aranges  0x00000000      0x5c8
 .debug_aranges
                0x00000000       0x40 obj\debug\spl\src\misc.o
 .debug_aranges
                0x00000040       0x88 obj\debug\spl\src\stm32f4xx_gpio.o
 .debug_aranges
                0x000000c8      0x178 obj\debug\spl\src\stm32f4xx_rcc.o
 .debug_aranges
                0x00000240      0x2f8 obj\debug\spl\src\stm32f4xx_tim.o
 .debug_aranges
                0x00000538       0x40 obj\debug\src\main.o
 .debug_aranges
                0x00000578       0x20 obj\debug\src\startup_stm32f4xx.o
 .debug_aranges
                0x00000598       0x30 obj\debug\src\system_stm32f4xx.o

.debug_ranges   0x00000000      0x548
 .debug_ranges  0x00000000       0x30 obj\debug\spl\src\misc.o
 .debug_ranges  0x00000030       0x78 obj\debug\spl\src\stm32f4xx_gpio.o
 .debug_ranges  0x000000a8      0x168 obj\debug\spl\src\stm32f4xx_rcc.o
 .debug_ranges  0x00000210      0x2e8 obj\debug\spl\src\stm32f4xx_tim.o
 .debug_ranges  0x000004f8       0x30 obj\debug\src\main.o
 .debug_ranges  0x00000528       0x20 obj\debug\src\system_stm32f4xx.o

.debug_macro    0x00000000     0xec8b
 .debug_macro   0x00000000      0x1c6 obj\debug\spl\src\misc.o
 .debug_macro   0x000001c6      0x8aa obj\debug\spl\src\misc.o
 .debug_macro   0x00000a70       0x5d obj\debug\spl\src\misc.o
 .debug_macro   0x00000acd       0x35 obj\debug\spl\src\misc.o
 .debug_macro   0x00000b02       0x22 obj\debug\spl\src\misc.o
 .debug_macro   0x00000b24       0x87 obj\debug\spl\src\misc.o
 .debug_macro   0x00000bab       0x44 obj\debug\spl\src\misc.o
 .debug_macro   0x00000bef       0xfd obj\debug\spl\src\misc.o
 .debug_macro   0x00000cec       0x5e obj\debug\spl\src\misc.o
 .debug_macro   0x00000d4a      0x1df obj\debug\spl\src\misc.o
 .debug_macro   0x00000f29       0x18 obj\debug\spl\src\misc.o
 .debug_macro   0x00000f41       0x42 obj\debug\spl\src\misc.o
 .debug_macro   0x00000f83      0x8cb obj\debug\spl\src\misc.o
 .debug_macro   0x0000184e     0x81c3 obj\debug\spl\src\misc.o
 .debug_macro   0x00009a11      0x44e obj\debug\spl\src\misc.o
 .debug_macro   0x00009e5f      0x3cf obj\debug\spl\src\misc.o
 .debug_macro   0x0000a22e      0x111 obj\debug\spl\src\misc.o
 .debug_macro   0x0000a33f      0x182 obj\debug\spl\src\misc.o
 .debug_macro   0x0000a4c1       0xb2 obj\debug\spl\src\misc.o
 .debug_macro   0x0000a573      0x146 obj\debug\spl\src\misc.o
 .debug_macro   0x0000a6b9      0x477 obj\debug\spl\src\misc.o
 .debug_macro   0x0000ab30       0xac obj\debug\spl\src\misc.o
 .debug_macro   0x0000abdc      0x241 obj\debug\spl\src\misc.o
 .debug_macro   0x0000ae1d      0x279 obj\debug\spl\src\misc.o
 .debug_macro   0x0000b096       0xb5 obj\debug\spl\src\misc.o
 .debug_macro   0x0000b14b      0x265 obj\debug\spl\src\misc.o
 .debug_macro   0x0000b3b0      0x2b1 obj\debug\spl\src\misc.o
 .debug_macro   0x0000b661       0x64 obj\debug\spl\src\misc.o
 .debug_macro   0x0000b6c5       0xa6 obj\debug\spl\src\misc.o
 .debug_macro   0x0000b76b      0x538 obj\debug\spl\src\misc.o
 .debug_macro   0x0000bca3       0x40 obj\debug\spl\src\misc.o
 .debug_macro   0x0000bce3      0x57a obj\debug\spl\src\misc.o
 .debug_macro   0x0000c25d      0x341 obj\debug\spl\src\misc.o
 .debug_macro   0x0000c59e      0x36a obj\debug\spl\src\misc.o
 .debug_macro   0x0000c908       0xdf obj\debug\spl\src\misc.o
 .debug_macro   0x0000c9e7      0x73b obj\debug\spl\src\misc.o
 .debug_macro   0x0000d122      0x220 obj\debug\spl\src\misc.o
 .debug_macro   0x0000d342       0x34 obj\debug\spl\src\misc.o
 .debug_macro   0x0000d376       0x35 obj\debug\spl\src\misc.o
 .debug_macro   0x0000d3ab       0x79 obj\debug\spl\src\misc.o
 .debug_macro   0x0000d424      0x1c0 obj\debug\spl\src\stm32f4xx_gpio.o
 .debug_macro   0x0000d5e4      0x25f obj\debug\spl\src\stm32f4xx_gpio.o
 .debug_macro   0x0000d843      0x268 obj\debug\spl\src\stm32f4xx_rcc.o
 .debug_macro   0x0000daab      0x532 obj\debug\spl\src\stm32f4xx_rcc.o
 .debug_macro   0x0000dfdd      0x1ea obj\debug\spl\src\stm32f4xx_tim.o
 .debug_macro   0x0000e1c7      0x735 obj\debug\spl\src\stm32f4xx_tim.o
 .debug_macro   0x0000e8fc      0x1b6 obj\debug\src\main.o
 .debug_macro   0x0000eab2      0x1d9 obj\debug\src\system_stm32f4xx.o

.debug_line     0x00000000     0x2af1
 .debug_line    0x00000000      0x4d4 obj\debug\spl\src\misc.o
 .debug_line    0x000004d4      0x5ec obj\debug\spl\src\stm32f4xx_gpio.o
 .debug_line    0x00000ac0      0x832 obj\debug\spl\src\stm32f4xx_rcc.o
 .debug_line    0x000012f2      0xd4e obj\debug\spl\src\stm32f4xx_tim.o
 .debug_line    0x00002040      0x4f4 obj\debug\src\main.o
 .debug_line    0x00002534       0xcc obj\debug\src\startup_stm32f4xx.o
 .debug_line    0x00002600      0x4f1 obj\debug\src\system_stm32f4xx.o

.debug_str      0x00000000    0x5882e
 .debug_str     0x00000000    0x567a7 obj\debug\spl\src\misc.o
                              0x56944 (size before relaxing)
 .debug_str     0x000567a7      0x2ff obj\debug\spl\src\stm32f4xx_gpio.o
                              0x569ef (size before relaxing)
 .debug_str     0x00056aa6      0xaf3 obj\debug\spl\src\stm32f4xx_rcc.o
                              0x57270 (size before relaxing)
 .debug_str     0x00057599      0xc1f obj\debug\spl\src\stm32f4xx_tim.o
                              0x573e3 (size before relaxing)
 .debug_str     0x000581b8      0x5b9 obj\debug\src\main.o
                              0x56ffb (size before relaxing)
 .debug_str     0x00058771       0xbd obj\debug\src\system_stm32f4xx.o
                              0x56930 (size before relaxing)

.debug_frame    0x00000000     0x19f8
 .debug_frame   0x00000000       0xd8 obj\debug\spl\src\misc.o
 .debug_frame   0x000000d8      0x23c obj\debug\spl\src\stm32f4xx_gpio.o
 .debug_frame   0x00000314      0x6d4 obj\debug\spl\src\stm32f4xx_rcc.o
 .debug_frame   0x000009e8      0xe54 obj\debug\spl\src\stm32f4xx_tim.o
 .debug_frame   0x0000183c       0xac obj\debug\src\main.o
 .debug_frame   0x000018e8       0x7c obj\debug\src\system_stm32f4xx.o
 .debug_frame   0x00001964       0x28 c:/program files (x86)/embitz/1.11/share/em_armgcc/bin/../lib/gcc/arm-none-eabi/5.4.1/../../../../arm-none-eabi/lib/armv7e-m/fpu\libg_n.a(lib_a-exit.o)
 .debug_frame   0x0000198c       0x2c c:/program files (x86)/embitz/1.11/share/em_armgcc/bin/../lib/gcc/arm-none-eabi/5.4.1/../../../../arm-none-eabi/lib/armv7e-m/fpu\libg_n.a(lib_a-init.o)
 .debug_frame   0x000019b8       0x20 c:/program files (x86)/embitz/1.11/share/em_armgcc/bin/../lib/gcc/arm-none-eabi/5.4.1/../../../../arm-none-eabi/lib/armv7e-m/fpu\libg_n.a(lib_a-memset.o)
 .debug_frame   0x000019d8       0x20 c:/program files (x86)/embitz/1.11/share/em_armgcc/bin/../lib/gcc/arm-none-eabi/5.4.1/../../../../arm-none-eabi/lib/armv7e-m/fpu\libnosys_s.a(_exit.o)
